[   320][I][esp32-hal-psram.c:96] psramInit(): PSRAM enabled
[  2332][E][esp32-hal-adc.c:158] __analogReadRaw(): Pin 0 is not ADC pin!
========================================
ESP32 MINING MASTER
========================================
Max Workers: 8
I2C Speed: 200000 Hz
I2C Pins: SDA=8, SCL=9
[  2339][I][esp32-hal-i2c.c:75] i2cInit(): Initialising I2C Master: sda=8 scl=9 freq=200000
[I2C] Performing TCA9548A hard reset...
[I2C] TCA9548A reset complete
[  2368][W][Wire.cpp:301] begin(): Bus already started in Master Mode.
[I2C] TCA9548A mux initialized
[I2C] Verifying mux channels...
[I2C] Channel 0: Device at 0x70
[I2C] Channel 1: Device at 0x20
[I2C] Channel 1: Device at 0x70
[I2C] Channel 2: Device at 0x20
[I2C] Channel 2: Device at 0x70
[I2C] Channel 3: Device at 0x70
[I2C] Channel 4: Device at 0x70
